23:34:20 **** Incremental Build of configuration Debug for project 05_POC_FreeRTOS ****
make -j8 all 
arm-none-eabi-gcc "../Core/Src/main.c" -mcpu=cortex-m4 -std=gnu11 -g3 -DDEBUG -DUSE_HAL_DRIVER -DSTM32F446xx -c -I../Core/Inc -I../Drivers/STM32F4xx_HAL_Driver/Inc -I../Drivers/STM32F4xx_HAL_Driver/Inc/Legacy -I../Drivers/CMSIS/Device/ST/STM32F4xx/Include -I../Drivers/CMSIS/Include -I../Middlewares/Third_Party/FreeRTOS/Source/include -I../Middlewares/Third_Party/FreeRTOS/Source/CMSIS_RTOS_V2 -I../Middlewares/Third_Party/FreeRTOS/Source/portable/GCC/ARM_CM4F -O0 -ffunction-sections -fdata-sections -Wall -fstack-usage -fcyclomatic-complexity -MMD -MP -MF"Core/Src/main.d" -MT"Core/Src/main.o" --specs=nano.specs -mfpu=fpv4-sp-d16 -mfloat-abi=hard -mthumb -o "Core/Src/main.o"
arm-none-eabi-gcc -o "05_POC_FreeRTOS.elf" @"objects.list"   -mcpu=cortex-m4 -T"D:\ALL VIIT\STM32_F4\STMCubeIDE\05_POC_FreeRTOS\STM32F446RETX_FLASH.ld" --specs=nosys.specs -Wl,-Map="05_POC_FreeRTOS.map" -Wl,--gc-sections -static --specs=nano.specs -mfpu=fpv4-sp-d16 -mfloat-abi=hard -mthumb -Wl,--start-group -lc -lm -Wl,--end-group
Finished building target: 05_POC_FreeRTOS.elf
 
arm-none-eabi-size  05_POC_FreeRTOS.elf 
arm-none-eabi-objdump -h -S 05_POC_FreeRTOS.elf  > "05_POC_FreeRTOS.list"
   text	   data	    bss	    dec	    hex	filename
  27228	     96	  21064	  48388	   bd04	05_POC_FreeRTOS.elf
Finished building: default.size.stdout
 
Finished building: 05_POC_FreeRTOS.list
 

23:34:22 Build Finished. 0 errors, 0 warnings. (took 1s.909ms)

