../Core/Src/main.c:118:6:StartTask02	16	static
../Core/Src/main.c:136:6:StartTask03	16	static
../Core/Src/main.c:158:6:StartTask04	16	static
../Core/Src/main.c:185:5:main	8	static
../Core/Src/main.c:283:6:SystemClock_Config	88	static
../Core/Src/main.c:331:13:MX_I2C1_Init	8	static
../Core/Src/main.c:365:13:MX_TIM3_Init	48	static
../Core/Src/main.c:414:13:MX_GPIO_Init	48	static
../Core/Src/main.c:473:6:StartDefaultTask	16	static
../Core/Src/main.c:546:6:HAL_TIM_PeriodElapsedCallback	16	static
../Core/Src/main.c:564:6:Error_Handler	4	static,ignoring_inline_asm
